<?xml version="1.0" encoding="utf-8"?>
<TestRun id="0e7ecaf0-6adb-4826-942a-f4349e27a999" name="IT VALLEY@DESKTOP-0CJP1EK 2026-10-09 19:12:52" runUser="DESKTOP-0CJP1EK\IT VALLEY" xmlns="http://microsoft.com/schemas/VisualStudio/TeamTest/2010">
  <Times creation="2026-10-09T19:12:52.6044056+06:00" queuing="2026-10-09T19:12:52.6044061+06:00" start="2026-10-09T19:12:49.3602373+06:00" finish="2026-10-09T19:12:53.3870775+06:00" />
  <TestSettings name="default" id="4e44097b-253d-4fd4-bd6c-9b758125d546">
    <Deployment runDeploymentRoot="IT_VALLEY_DESKTOP-0CJP1EK_2026-10-09_19_12_52" />
  </TestSettings>
  <Results>
    <UnitTestResult executionId="8a45c62f-0ff2-4dfc-8568-905043f931dd" testId="6c931da2-6341-3f7a-f8b0-ea788ffae04c" testName="AmarTools.Voting.Tests.VotingControllerDefectTests.DV07_Vote_VoterWhoAlreadyVoted_ShouldNotBeOfferedTheBallot" computerName="DESKTOP-0CJP1EK" duration="00:00:01.4219497" startTime="2026-10-09T19:12:52.9361202+06:00" endTime="2026-10-09T19:12:52.9361205+06:00" testType="13cdc9d9-ddb5-4fa4-a97d-d965ccfc6d4b" outcome="Passed" testListId="8c84fa94-04c1-424b-9868-57a2d4851a1d" relativeResultsDirectory="8a45c62f-0ff2-4dfc-8568-905043f931dd" />
    <UnitTestResult executionId="9ea25191-c494-4f77-9735-82e4b28a7bea" testId="8cb0f653-a43a-a529-a0d9-0885b5fac42b" testName="AmarTools.Voting.Tests.VotePathTests.JoinAtProgramStart_DoesNotRegisterAnUnregisteredVoter" computerName="DESKTOP-0CJP1EK" duration="00:00:00.0778342" startTime="2026-10-09T19:12:52.6399781+06:00" endTime="2026-10-09T19:12:52.6399784+06:00" testType="13cdc9d9-ddb5-4fa4-a97d-d965ccfc6d4b" outcome="Passed" testListId="8c84fa94-04c1-424b-9868-57a2d4851a1d" relativeResultsDirectory="9ea25191-c494-4f77-9735-82e4b28a7bea" />
    <UnitTestResult executionId="1e5fdc6b-9cca-4e86-9b2b-17aea2adf17d" testId="7d7526f4-8cd4-e7a9-df86-0e35c6bf11b7" testName="AmarTools.Voting.Tests.VotingControllerBasisPath_Search.BP_07_Search_ValidQuery_ReturnsMatchingProgram" computerName="DESKTOP-0CJP1EK" duration="00:00:00.2137733" startTime="2026-10-09T19:12:52.8947565+06:00" endTime="2026-10-09T19:12:52.8947567+06:00" testType="13cdc9d9-ddb5-4fa4-a97d-d965ccfc6d4b" outcome="Passed" testListId="8c84fa94-04c1-424b-9868-57a2d4851a1d" relativeResultsDirectory="1e5fdc6b-9cca-4e86-9b2b-17aea2adf17d" />
    <UnitTestResult executionId="a09f22bb-e16e-466c-99f2-36374380433c" testId="6939ed7c-af5e-cb4d-0828-6f654f0fed05" testName="AmarTools.Voting.Tests.ProgramOwnerDefectTests.D14_RegisterVoter_AfterElectionEnded_IsRejected" computerName="DESKTOP-0CJP1EK" duration="00:00:00.0148915" startTime="2026-10-09T19:12:52.7498228+06:00" endTime="2026-10-09T19:12:52.7498231+06:00" testType="13cdc9d9-ddb5-4fa4-a97d-d965ccfc6d4b" outcome="Passed" testListId="8c84fa94-04c1-424b-9868-57a2d4851a1d" relativeResultsDirectory="a09f22bb-e16e-466c-99f2-36374380433c" />
    <UnitTestResult executionId="9c73f983-57b3-4a12-b6fe-64f0e1cce694" testId="8151eac4-a586-ddca-7c0d-d30aad246106" testName="AmarTools.Voting.Tests.VotingControllerDefectTests.DV08_Join_ArbitrarySignedInUser_ShouldNotBecomeAnEligibleVoter" computerName="DESKTOP-0CJP1EK" duration="00:00:00.0777407" startTime="2026-10-09T19:12:53.0419149+06:00" endTime="2026-10-09T19:12:53.0419153+06:00" testType="13cdc9d9-ddb5-4fa4-a97d-d965ccfc6d4b" outcome="Passed" testListId="8c84fa94-04c1-424b-9868-57a2d4851a1d" relativeResultsDirectory="9c73f983-57b3-4a12-b6fe-64f0e1cce694" />
    <UnitTestResult executionId="f847be55-bd3c-406a-beba-844f18ba62c2" testId="b8cfb452-953c-7e51-37a7-5890bff73410" testName="AmarTools.Voting.Tests.ProgramOwnerDefectTests.D11_DeleteCandidate_ExistingAndMissingCandidateOfOtherProgram_BehaveTheSame" computerName="DESKTOP-0CJP1EK" duration="00:00:00.0030345" startTime="2026-10-09T19:12:52.8162011+06:00" endTime="2026-10-09T19:12:52.8162014+06:00" testType="13cdc9d9-ddb5-4fa4-a97d-d965ccfc6d4b" outcome="Passed" testListId="8c84fa94-04c1-424b-9868-57a2d4851a1d" relativeResultsDirectory="f847be55-bd3c-406a-beba-844f18ba62c2" />
    <UnitTestResult executionId="b268dd32-6704-4f37-82ec-815ea7a9e23a" testId="895c5e04-cf47-ae4b-9d75-4e8ec7daed85" testName="AmarTools.Voting.Tests.ProgramOwnerDefectTests.D01_Edit_EndedProgram_CannotBeReopened" computerName="DESKTOP-0CJP1EK" duration="00:00:00.9437998" startTime="2026-10-09T19:12:52.4580647+06:00" endTime="2026-10-09T19:12:52.4580650+06:00" testType="13cdc9d9-ddb5-4fa4-a97d-d965ccfc6d4b" outcome="Passed" testListId="8c84fa94-04c1-424b-9868-57a2d4851a1d" relativeResultsDirectory="b268dd32-6704-4f37-82ec-815ea7a9e23a" />
    <UnitTestResult executionId="5a4da7ac-fd03-4fac-b22b-ca11891d4a17" testId="1b466495-7d77-302a-19c3-5949315fa20a" testName="AmarTools.Voting.Tests.ProgramOwnerDefectTests.D09_AddCandidate_ProtocolRelativeImageUrl_IsRejected" computerName="DESKTOP-0CJP1EK" duration="00:00:00.0151770" startTime="2026-10-09T19:12:52.7651323+06:00" endTime="2026-10-09T19:12:52.7651326+06:00" testType="13cdc9d9-ddb5-4fa4-a97d-d965ccfc6d4b" outcome="Passed" testListId="8c84fa94-04c1-424b-9868-57a2d4851a1d" relativeResultsDirectory="5a4da7ac-fd03-4fac-b22b-ca11891d4a17" />
    <UnitTestResult executionId="ec82b259-fc2a-493c-8818-419725935d8b" testId="a880d5ee-705a-3568-2fb8-f16556041b37" testName="AmarTools.Voting.Tests.ProgramOwnerDefectTests.D03_DeleteCandidate_WithRecordedVotes_IsRejected" computerName="DESKTOP-0CJP1EK" duration="00:00:00.0060909" startTime="2026-10-09T19:12:52.8107978+06:00" endTime="2026-10-09T19:12:52.8107981+06:00" testType="13cdc9d9-ddb5-4fa4-a97d-d965ccfc6d4b" outcome="Passed" testListId="8c84fa94-04c1-424b-9868-57a2d4851a1d" relativeResultsDirectory="ec82b259-fc2a-493c-8818-419725935d8b" />
    <UnitTestResult executionId="eba65be8-bc26-4507-9de8-749f5c58c138" testId="bf94786a-154a-0539-e904-5cf35c8d3260" testName="AmarTools.Voting.Tests.ProgramOwnerDefectTests.D01_Edit_StartedProgram_CannotBeRescheduledIntoTheFuture" computerName="DESKTOP-0CJP1EK" duration="00:00:00.0021378" startTime="2026-10-09T19:12:52.6479777+06:00" endTime="2026-10-09T19:12:52.6479778+06:00" testType="13cdc9d9-ddb5-4fa4-a97d-d965ccfc6d4b" outcome="Passed" testListId="8c84fa94-04c1-424b-9868-57a2d4851a1d" relativeResultsDirectory="eba65be8-bc26-4507-9de8-749f5c58c138" />
    <UnitTestResult executionId="fb1fce2f-b04a-458d-bea3-aa16dd82b496" testId="0322a096-4bff-8f4d-6b2c-b0741f72ce59" testName="AmarTools.Voting.Tests.ProgramOwnerDefectTests.D11_RemoveVoter_MissingProgram_ReturnsNotFoundLikeTheOtherActions" computerName="DESKTOP-0CJP1EK" duration="00:00:00.0349188" startTime="2026-10-09T19:12:52.7347865+06:00" endTime="2026-10-09T19:12:52.7347868+06:00" testType="13cdc9d9-ddb5-4fa4-a97d-d965ccfc6d4b" outcome="Passed" testListId="8c84fa94-04c1-424b-9868-57a2d4851a1d" relativeResultsDirectory="fb1fce2f-b04a-458d-bea3-aa16dd82b496" />
    <UnitTestResult executionId="5bfdbf01-6c58-4c49-9733-90f091b81a13" testId="b2a781c9-e4e9-cfd1-c07c-3136ff60feb7" testName="AmarTools.Voting.Tests.VotingControllerDefectTests.DV02_Vote_UnpublishedProgram_ShouldNotBeDisclosed" computerName="DESKTOP-0CJP1EK" duration="00:00:00.0278021" startTime="2026-10-09T19:12:52.9640469+06:00" endTime="2026-10-09T19:12:52.9640472+06:00" testType="13cdc9d9-ddb5-4fa4-a97d-d965ccfc6d4b" outcome="Passed" testListId="8c84fa94-04c1-424b-9868-57a2d4851a1d" relativeResultsDirectory="5bfdbf01-6c58-4c49-9733-90f091b81a13" />
    <UnitTestResult executionId="e1bb2544-5adc-484c-a10f-fbdb21de2098" testId="3a8dd292-5d1b-3d0f-c13f-8fa1b855ae3c" testName="AmarTools.Voting.Tests.ProgramOwnerDefectTests.D05_Delete_EndedProgramWithVotes_IsNotHardDeleted" computerName="DESKTOP-0CJP1EK" duration="00:00:00.0120615" startTime="2026-10-09T19:12:52.8000914+06:00" endTime="2026-10-09T19:12:52.8000916+06:00" testType="13cdc9d9-ddb5-4fa4-a97d-d965ccfc6d4b" outcome="Passed" testListId="8c84fa94-04c1-424b-9868-57a2d4851a1d" relativeResultsDirectory="e1bb2544-5adc-484c-a10f-fbdb21de2098" />
    <UnitTestResult executionId="f2a5e9c5-e6e9-4fa3-833c-e8863f65151c" testId="5a8dc996-544f-af83-3912-61757d3a5018" testName="AmarTools.Voting.Tests.VotingControllerDefectTests.DV06_PublicResults_BlockchainCheckThrows_ShouldStillShowResults" computerName="DESKTOP-0CJP1EK" duration="00:00:00.0469121" startTime="2026-10-09T19:12:53.1160923+06:00" endTime="2026-10-09T19:12:53.1160926+06:00" testType="13cdc9d9-ddb5-4fa4-a97d-d965ccfc6d4b" outcome="Passed" testListId="8c84fa94-04c1-424b-9868-57a2d4851a1d" relativeResultsDirectory="f2a5e9c5-e6e9-4fa3-833c-e8863f65151c" />
    <UnitTestResult executionId="be0485f6-03ec-401c-892a-94ca081459eb" testId="2e2d91f9-ab77-427d-2fd5-d80a0352c755" testName="AmarTools.Voting.Tests.ProgramOwnerDefectTests.D02_AddCandidate_WhileProgramIsActive_IsRejected" computerName="DESKTOP-0CJP1EK" duration="00:00:00.0021314" startTime="2026-10-09T19:12:52.8130581+06:00" endTime="2026-10-09T19:12:52.8130584+06:00" testType="13cdc9d9-ddb5-4fa4-a97d-d965ccfc6d4b" outcome="Passed" testListId="8c84fa94-04c1-424b-9868-57a2d4851a1d" relativeResultsDirectory="be0485f6-03ec-401c-892a-94ca081459eb" />
    <UnitTestResult executionId="0530759f-3542-4272-8082-9fa1fde18981" testId="5ecd66f0-ecd9-b245-5eaf-f66999a3322c" testName="AmarTools.Voting.Tests.ProgramOwnerDefectTests.D02_AddCandidate_AfterProgramEnded_IsRejected" computerName="DESKTOP-0CJP1EK" duration="00:00:00.0021838" startTime="2026-10-09T19:12:52.8184809+06:00" endTime="2026-10-09T19:12:52.8184811+06:00" testType="13cdc9d9-ddb5-4fa4-a97d-d965ccfc6d4b" outcome="Passed" testListId="8c84fa94-04c1-424b-9868-57a2d4851a1d" relativeResultsDirectory="0530759f-3542-4272-8082-9fa1fde18981" />
    <UnitTestResult executionId="65cdd984-7c01-481b-9a80-93f5daa43dd6" testId="f7d93de4-493b-4ff5-eec4-928cf74ad189" testName="AmarTools.Voting.Tests.ProgramOwnerDefectTests.D02_DeleteCandidate_WhileProgramIsActive_IsRejected" computerName="DESKTOP-0CJP1EK" duration="00:00:00.0166550" startTime="2026-10-09T19:12:52.7819366+06:00" endTime="2026-10-09T19:12:52.7819369+06:00" testType="13cdc9d9-ddb5-4fa4-a97d-d965ccfc6d4b" outcome="Passed" testListId="8c84fa94-04c1-424b-9868-57a2d4851a1d" relativeResultsDirectory="65cdd984-7c01-481b-9a80-93f5daa43dd6" />
    <UnitTestResult executionId="954af74e-3066-470d-afb1-442068fe4c5e" testId="ea79f4da-0d68-55ae-bebe-45a77fcef0cb" testName="AmarTools.Voting.Tests.ProgramOwnerDefectTests.D08_AddCandidate_FieldOverMaxLength_IsRejectedWithValidationMessage(field: &quot;description&quot;)" computerName="DESKTOP-0CJP1EK" duration="00:00:00.0019528" startTime="2026-10-09T19:12:52.5637095+06:00" endTime="2026-10-09T19:12:52.5637097+06:00" testType="13cdc9d9-ddb5-4fa4-a97d-d965ccfc6d4b" outcome="Passed" testListId="8c84fa94-04c1-424b-9868-57a2d4851a1d" relativeResultsDirectory="954af74e-3066-470d-afb1-442068fe4c5e" />
    <UnitTestResult executionId="428e01dc-9d0c-47ee-a37f-a5c2a8039420" testId="39da9558-5d74-32b9-d298-256fcb80ec28" testName="AmarTools.Voting.Tests.ProgramOwnerDefectTests.D06_DurationFailure_DoesNotLeaveLocalTimesFlaggedAsUtc" computerName="DESKTOP-0CJP1EK" duration="00:00:00.0038642" startTime="2026-10-09T19:12:52.7859125+06:00" endTime="2026-10-09T19:12:52.7859128+06:00" testType="13cdc9d9-ddb5-4fa4-a97d-d965ccfc6d4b" outcome="Passed" testListId="8c84fa94-04c1-424b-9868-57a2d4851a1d" relativeResultsDirectory="428e01dc-9d0c-47ee-a37f-a5c2a8039420" />
    <UnitTestResult executionId="f24e0ff7-8444-4276-9a87-e3df54834a15" testId="f3a16a94-b6a7-bbfb-9587-8f827e0fde51" testName="AmarTools.Voting.Tests.ProgramOwnerDefectTests.D10_AddCandidate_CodeThatDiffersOnlyByCase_IsRejectedAsDuplicate" computerName="DESKTOP-0CJP1EK" duration="00:00:00.0044041" startTime="2026-10-09T19:12:52.8046180+06:00" endTime="2026-10-09T19:12:52.8046183+06:00" testType="13cdc9d9-ddb5-4fa4-a97d-d965ccfc6d4b" outcome="Passed" testListId="8c84fa94-04c1-424b-9868-57a2d4851a1d" relativeResultsDirectory="f24e0ff7-8444-4276-9a87-e3df54834a15" />
    <UnitTestResult executionId="09dc3833-b89f-46ca-a1da-b35177b1ca8f" testId="cc849979-2c40-61ba-a90f-1b4311950a1b" testName="AmarTools.Voting.Tests.VotingControllerDefectTests.DV03_Join_UserWithEmptyFullName_ShouldNotSelfRegister" computerName="DESKTOP-0CJP1EK" duration="00:00:00.0286520" startTime="2026-10-09T19:12:53.1448629+06:00" endTime="2026-10-09T19:12:53.1448632+06:00" testType="13cdc9d9-ddb5-4fa4-a97d-d965ccfc6d4b" outcome="Passed" testListId="8c84fa94-04c1-424b-9868-57a2d4851a1d" relativeResultsDirectory="09dc3833-b89f-46ca-a1da-b35177b1ca8f" />
    <UnitTestResult executionId="f75e6c3d-348d-4089-b7b9-0e53d411a209" testId="f9867f03-e166-35ab-59d5-8f71f3155173" testName="AmarTools.Voting.Tests.ProgramOwnerDefectTests.D07_AddCandidate_SingleCharacterName_IsRejected" computerName="DESKTOP-0CJP1EK" duration="00:00:00.0024741" startTime="2026-10-09T19:12:52.5775434+06:00" endTime="2026-10-09T19:12:52.5775435+06:00" testType="13cdc9d9-ddb5-4fa4-a97d-d965ccfc6d4b" outcome="Passed" testListId="8c84fa94-04c1-424b-9868-57a2d4851a1d" relativeResultsDirectory="f75e6c3d-348d-4089-b7b9-0e53d411a209" />
    <UnitTestResult executionId="1e395bc9-fefd-49e1-9e5c-398813d01b0b" testId="7338fc87-a80c-da7f-452d-a7a02c14e6de" testName="AmarTools.Voting.Tests.ProgramOwnerDefectTests.D08_AddCandidate_FieldOverMaxLength_IsRejectedWithValidationMessage(field: &quot;name&quot;)" computerName="DESKTOP-0CJP1EK" duration="00:00:00.1036463" startTime="2026-10-09T19:12:52.5616804+06:00" endTime="2026-10-09T19:12:52.5616809+06:00" testType="13cdc9d9-ddb5-4fa4-a97d-d965ccfc6d4b" outcome="Passed" testListId="8c84fa94-04c1-424b-9868-57a2d4851a1d" relativeResultsDirectory="1e395bc9-fefd-49e1-9e5c-398813d01b0b" />
    <UnitTestResult executionId="14c7a3ce-a7bc-49fb-a932-48cd94adce12" testId="4b42ad0f-ef17-c490-f8da-9459b58a4ba2" testName="AmarTools.Voting.Tests.VotingControllerDefectTests.DV05_CastVote_VeryLongUserAgent_ShouldBeLimitedTo512Characters" computerName="DESKTOP-0CJP1EK" duration="00:00:00.1009810" startTime="2026-10-09T19:12:53.2875058+06:00" endTime="2026-10-09T19:12:53.2875061+06:00" testType="13cdc9d9-ddb5-4fa4-a97d-d965ccfc6d4b" outcome="Passed" testListId="8c84fa94-04c1-424b-9868-57a2d4851a1d" relativeResultsDirectory="14c7a3ce-a7bc-49fb-a932-48cd94adce12" />
    <UnitTestResult executionId="e5948fd2-7a8b-4694-ba0d-3c0010f9d23c" testId="8e6422ba-ba4b-7ec9-c08f-49b9af51c2ce" testName="AmarTools.Voting.Tests.ProgramOwnerDefectTests.D08_AddCandidate_FieldOverMaxLength_IsRejectedWithValidationMessage(field: &quot;imageUrl&quot;)" computerName="DESKTOP-0CJP1EK" duration="00:00:00.0010284" startTime="2026-10-09T19:12:52.5648202+06:00" endTime="2026-10-09T19:12:52.5648204+06:00" testType="13cdc9d9-ddb5-4fa4-a97d-d965ccfc6d4b" outcome="Passed" testListId="8c84fa94-04c1-424b-9868-57a2d4851a1d" relativeResultsDirectory="e5948fd2-7a8b-4694-ba0d-3c0010f9d23c" />
    <UnitTestResult executionId="2a6501a8-252f-4c91-80de-3dfc200e44f1" testId="d9db1d51-65d7-734a-8c8e-092061d5d3d4" testName="AmarTools.Voting.Tests.VotePathTests.FailedCreateSubmission_ResetsValuesAreUtcForTheForm" computerName="DESKTOP-0CJP1EK" duration="00:00:00.2985311" startTime="2026-10-09T19:12:51.8176471+06:00" endTime="2026-10-09T19:12:51.8176729+06:00" testType="13cdc9d9-ddb5-4fa4-a97d-d965ccfc6d4b" outcome="Passed" testListId="8c84fa94-04c1-424b-9868-57a2d4851a1d" relativeResultsDirectory="2a6501a8-252f-4c91-80de-3dfc200e44f1" />
    <UnitTestResult executionId="88c0e8d5-42d1-45cc-95b9-3978068459a8" testId="73862591-f7ce-c0d5-3de3-5f058d82fe94" testName="AmarTools.Voting.Tests.ProgramOwnerDefectTests.D08_AddCandidate_FieldOverMaxLength_IsRejectedWithValidationMessage(field: &quot;code&quot;)" computerName="DESKTOP-0CJP1EK" duration="00:00:00.0012198" startTime="2026-10-09T19:12:52.5773812+06:00" endTime="2026-10-09T19:12:52.5773815+06:00" testType="13cdc9d9-ddb5-4fa4-a97d-d965ccfc6d4b" outcome="Passed" testListId="8c84fa94-04c1-424b-9868-57a2d4851a1d" relativeResultsDirectory="88c0e8d5-42d1-45cc-95b9-3978068459a8" />
    <UnitTestResult executionId="2066fc4e-4cd0-416b-b14c-b42f4aa05e14" testId="02ad411e-402e-f9b6-04dd-7281ef825636" testName="AmarTools.Voting.Tests.VotingControllerDefectTests.DV04_Vote_PrincipalWithoutUserId_ShouldNotMatchOwnerRegisteredVoters" computerName="DESKTOP-0CJP1EK" duration="00:00:00.0414003" startTime="2026-10-09T19:12:53.1864005+06:00" endTime="2026-10-09T19:12:53.1864008+06:00" testType="13cdc9d9-ddb5-4fa4-a97d-d965ccfc6d4b" outcome="Passed" testListId="8c84fa94-04c1-424b-9868-57a2d4851a1d" relativeResultsDirectory="2066fc4e-4cd0-416b-b14c-b42f4aa05e14" />
    <UnitTestResult executionId="d6d71b2a-07ba-4266-b3c5-b4f553b108f4" testId="f21c2954-559d-c545-e19c-78f8a98c0cdd" testName="AmarTools.Voting.Tests.VotePathTests.CastVoteAfterProgramEnd_RejectsTheVote" computerName="DESKTOP-0CJP1EK" duration="00:00:00.7454760" startTime="2026-10-09T19:12:52.5619746+06:00" endTime="2026-10-09T19:12:52.5619747+06:00" testType="13cdc9d9-ddb5-4fa4-a97d-d965ccfc6d4b" outcome="Passed" testListId="8c84fa94-04c1-424b-9868-57a2d4851a1d" relativeResultsDirectory="d6d71b2a-07ba-4266-b3c5-b4f553b108f4" />
    <UnitTestResult executionId="63790807-9b24-4ba3-b22f-2241c8ab00fa" testId="e61dad47-890b-a89c-4457-095dc75f17f3" testName="AmarTools.Voting.Tests.ProgramOwnerDefectTests.D13_Create_TrimsDescriptionLikeEditDoes" computerName="DESKTOP-0CJP1EK" duration="00:00:00.0516068" startTime="2026-10-09T19:12:52.6997120+06:00" endTime="2026-10-09T19:12:52.6997122+06:00" testType="13cdc9d9-ddb5-4fa4-a97d-d965ccfc6d4b" outcome="Passed" testListId="8c84fa94-04c1-424b-9868-57a2d4851a1d" relativeResultsDirectory="63790807-9b24-4ba3-b22f-2241c8ab00fa" />
    <UnitTestResult executionId="ba511f95-e25a-4c9a-b9e0-22a5246a92f7" testId="c64cf4bb-2678-b778-8984-628d799a0ad6" testName="AmarTools.Voting.Tests.ProgramOwnerDefectTests.D04_RemoveVoter_VoterWhoAlreadyVoted_IsRejected" computerName="DESKTOP-0CJP1EK" duration="00:00:00.0769993" startTime="2026-10-09T19:12:52.6457198+06:00" endTime="2026-10-09T19:12:52.6457200+06:00" testType="13cdc9d9-ddb5-4fa4-a97d-d965ccfc6d4b" outcome="Passed" testListId="8c84fa94-04c1-424b-9868-57a2d4851a1d" relativeResultsDirectory="ba511f95-e25a-4c9a-b9e0-22a5246a92f7" />
    <UnitTestResult executionId="cfab61d2-ae74-4cf7-b022-e275b635783a" testId="40247913-927f-99da-8e5e-0dae4f62b2cc" testName="AmarTools.Voting.Tests.VotingControllerDefectTests.DV09_ThankYou_WithoutARecentVote_ShouldNotConfirmAVote" computerName="DESKTOP-0CJP1EK" duration="00:00:00.0270117" startTime="2026-10-09T19:12:53.0690634+06:00" endTime="2026-10-09T19:12:53.0690637+06:00" testType="13cdc9d9-ddb5-4fa4-a97d-d965ccfc6d4b" outcome="Passed" testListId="8c84fa94-04c1-424b-9868-57a2d4851a1d" relativeResultsDirectory="cfab61d2-ae74-4cf7-b022-e275b635783a" />
    <UnitTestResult executionId="4af2c2a7-af90-4f4d-bddd-3f3966807b29" testId="79614509-e2d2-9615-2728-55ccb6a4db6e" testName="AmarTools.Voting.Tests.ProgramOwnerDefectTests.D14_RegisterVoter_InvalidEmailFormat_IsRejected" computerName="DESKTOP-0CJP1EK" duration="00:00:00.0018852" startTime="2026-10-09T19:12:52.7879183+06:00" endTime="2026-10-09T19:12:52.7879185+06:00" testType="13cdc9d9-ddb5-4fa4-a97d-d965ccfc6d4b" outcome="Passed" testListId="8c84fa94-04c1-424b-9868-57a2d4851a1d" relativeResultsDirectory="4af2c2a7-af90-4f4d-bddd-3f3966807b29" />
    <UnitTestResult executionId="44b3fda6-a806-494c-892d-39a6759cb80a" testId="9d5792d6-4ab1-8a2c-293a-4a3c86ec3b1c" testName="AmarTools.Voting.Tests.VotingControllerBasisPath_Search.BP_06_Search_BlankQuery_ReturnsEmptyArray" computerName="DESKTOP-0CJP1EK" duration="00:00:01.1664642" startTime="2026-10-09T19:12:52.6807300+06:00" endTime="2026-10-09T19:12:52.6807302+06:00" testType="13cdc9d9-ddb5-4fa4-a97d-d965ccfc6d4b" outcome="Passed" testListId="8c84fa94-04c1-424b-9868-57a2d4851a1d" relativeResultsDirectory="44b3fda6-a806-494c-892d-39a6759cb80a" />
  </Results>
  <TestDefinitions>
    <UnitTest name="AmarTools.Voting.Tests.ProgramOwnerDefectTests.D02_AddCandidate_AfterProgramEnded_IsRejected" storage="c:\users\it valley\source\repos\devzit0123\amartools.voting\tests\bin\debug\net8.0\amartools.voting.tests.dll" id="5ecd66f0-ecd9-b245-5eaf-f66999a3322c">
      <Execution id="0530759f-3542-4272-8082-9fa1fde18981" />
      <TestMethod codeBase="C:\Users\IT VALLEY\source\repos\Devzit0123\AmarTools.Voting\Tests\bin\Debug\net8.0\AmarTools.Voting.Tests.dll" adapterTypeName="executor://xunit/VsTestRunner2/netcoreapp" className="AmarTools.Voting.Tests.ProgramOwnerDefectTests" name="D02_AddCandidate_AfterProgramEnded_IsRejected" />
    </UnitTest>
    <UnitTest name="AmarTools.Voting.Tests.VotePathTests.JoinAtProgramStart_DoesNotRegisterAnUnregisteredVoter" storage="c:\users\it valley\source\repos\devzit0123\amartools.voting\tests\bin\debug\net8.0\amartools.voting.tests.dll" id="8cb0f653-a43a-a529-a0d9-0885b5fac42b">
      <Execution id="9ea25191-c494-4f77-9735-82e4b28a7bea" />
      <TestMethod codeBase="C:\Users\IT VALLEY\source\repos\Devzit0123\AmarTools.Voting\Tests\bin\Debug\net8.0\AmarTools.Voting.Tests.dll" adapterTypeName="executor://xunit/VsTestRunner2/netcoreapp" className="AmarTools.Voting.Tests.VotePathTests" name="JoinAtProgramStart_DoesNotRegisterAnUnregisteredVoter" />
    </UnitTest>
    <UnitTest name="AmarTools.Voting.Tests.VotePathTests.FailedCreateSubmission_ResetsValuesAreUtcForTheForm" storage="c:\users\it valley\source\repos\devzit0123\amartools.voting\tests\bin\debug\net8.0\amartools.voting.tests.dll" id="d9db1d51-65d7-734a-8c8e-092061d5d3d4">
      <Execution id="2a6501a8-252f-4c91-80de-3dfc200e44f1" />
      <TestMethod codeBase="C:\Users\IT VALLEY\source\repos\Devzit0123\AmarTools.Voting\Tests\bin\Debug\net8.0\AmarTools.Voting.Tests.dll" adapterTypeName="executor://xunit/VsTestRunner2/netcoreapp" className="AmarTools.Voting.Tests.VotePathTests" name="FailedCreateSubmission_ResetsValuesAreUtcForTheForm" />
    </UnitTest>
    <UnitTest name="AmarTools.Voting.Tests.ProgramOwnerDefectTests.D08_AddCandidate_FieldOverMaxLength_IsRejectedWithValidationMessage(field: &quot;description&quot;)" storage="c:\users\it valley\source\repos\devzit0123\amartools.voting\tests\bin\debug\net8.0\amartools.voting.tests.dll" id="ea79f4da-0d68-55ae-bebe-45a77fcef0cb">
      <Execution id="954af74e-3066-470d-afb1-442068fe4c5e" />
      <TestMethod codeBase="C:\Users\IT VALLEY\source\repos\Devzit0123\AmarTools.Voting\Tests\bin\Debug\net8.0\AmarTools.Voting.Tests.dll" adapterTypeName="executor://xunit/VsTestRunner2/netcoreapp" className="AmarTools.Voting.Tests.ProgramOwnerDefectTests" name="D08_AddCandidate_FieldOverMaxLength_IsRejectedWithValidationMessage" />
    </UnitTest>
    <UnitTest name="AmarTools.Voting.Tests.VotePathTests.CastVoteAfterProgramEnd_RejectsTheVote" storage="c:\users\it valley\source\repos\devzit0123\amartools.voting\tests\bin\debug\net8.0\amartools.voting.tests.dll" id="f21c2954-559d-c545-e19c-78f8a98c0cdd">
      <Execution id="d6d71b2a-07ba-4266-b3c5-b4f553b108f4" />
      <TestMethod codeBase="C:\Users\IT VALLEY\source\repos\Devzit0123\AmarTools.Voting\Tests\bin\Debug\net8.0\AmarTools.Voting.Tests.dll" adapterTypeName="executor://xunit/VsTestRunner2/netcoreapp" className="AmarTools.Voting.Tests.VotePathTests" name="CastVoteAfterProgramEnd_RejectsTheVote" />
    </UnitTest>
    <UnitTest name="AmarTools.Voting.Tests.ProgramOwnerDefectTests.D08_AddCandidate_FieldOverMaxLength_IsRejectedWithValidationMessage(field: &quot;code&quot;)" storage="c:\users\it valley\source\repos\devzit0123\amartools.voting\tests\bin\debug\net8.0\amartools.voting.tests.dll" id="73862591-f7ce-c0d5-3de3-5f058d82fe94">
      <Execution id="88c0e8d5-42d1-45cc-95b9-3978068459a8" />
      <TestMethod codeBase="C:\Users\IT VALLEY\source\repos\Devzit0123\AmarTools.Voting\Tests\bin\Debug\net8.0\AmarTools.Voting.Tests.dll" adapterTypeName="executor://xunit/VsTestRunner2/netcoreapp" className="AmarTools.Voting.Tests.ProgramOwnerDefectTests" name="D08_AddCandidate_FieldOverMaxLength_IsRejectedWithValidationMessage" />
    </UnitTest>
    <UnitTest name="AmarTools.Voting.Tests.ProgramOwnerDefectTests.D13_Create_TrimsDescriptionLikeEditDoes" storage="c:\users\it valley\source\repos\devzit0123\amartools.voting\tests\bin\debug\net8.0\amartools.voting.tests.dll" id="e61dad47-890b-a89c-4457-095dc75f17f3">
      <Execution id="63790807-9b24-4ba3-b22f-2241c8ab00fa" />
      <TestMethod codeBase="C:\Users\IT VALLEY\source\repos\Devzit0123\AmarTools.Voting\Tests\bin\Debug\net8.0\AmarTools.Voting.Tests.dll" adapterTypeName="executor://xunit/VsTestRunner2/netcoreapp" className="AmarTools.Voting.Tests.ProgramOwnerDefectTests" name="D13_Create_TrimsDescriptionLikeEditDoes" />
    </UnitTest>
    <UnitTest name="AmarTools.Voting.Tests.VotingControllerDefectTests.DV09_ThankYou_WithoutARecentVote_ShouldNotConfirmAVote" storage="c:\users\it valley\source\repos\devzit0123\amartools.voting\tests\bin\debug\net8.0\amartools.voting.tests.dll" id="40247913-927f-99da-8e5e-0dae4f62b2cc">
      <Execution id="cfab61d2-ae74-4cf7-b022-e275b635783a" />
      <TestMethod codeBase="C:\Users\IT VALLEY\source\repos\Devzit0123\AmarTools.Voting\Tests\bin\Debug\net8.0\AmarTools.Voting.Tests.dll" adapterTypeName="executor://xunit/VsTestRunner2/netcoreapp" className="AmarTools.Voting.Tests.VotingControllerDefectTests" name="DV09_ThankYou_WithoutARecentVote_ShouldNotConfirmAVote" />
    </UnitTest>
    <UnitTest name="AmarTools.Voting.Tests.ProgramOwnerDefectTests.D02_AddCandidate_WhileProgramIsActive_IsRejected" storage="c:\users\it valley\source\repos\devzit0123\amartools.voting\tests\bin\debug\net8.0\amartools.voting.tests.dll" id="2e2d91f9-ab77-427d-2fd5-d80a0352c755">
      <Execution id="be0485f6-03ec-401c-892a-94ca081459eb" />
      <TestMethod codeBase="C:\Users\IT VALLEY\source\repos\Devzit0123\AmarTools.Voting\Tests\bin\Debug\net8.0\AmarTools.Voting.Tests.dll" adapterTypeName="executor://xunit/VsTestRunner2/netcoreapp" className="AmarTools.Voting.Tests.ProgramOwnerDefectTests" name="D02_AddCandidate_WhileProgramIsActive_IsRejected" />
    </UnitTest>
    <UnitTest name="AmarTools.Voting.Tests.VotingControllerDefectTests.DV02_Vote_UnpublishedProgram_ShouldNotBeDisclosed" storage="c:\users\it valley\source\repos\devzit0123\amartools.voting\tests\bin\debug\net8.0\amartools.voting.tests.dll" id="b2a781c9-e4e9-cfd1-c07c-3136ff60feb7">
      <Execution id="5bfdbf01-6c58-4c49-9733-90f091b81a13" />
      <TestMethod codeBase="C:\Users\IT VALLEY\source\repos\Devzit0123\AmarTools.Voting\Tests\bin\Debug\net8.0\AmarTools.Voting.Tests.dll" adapterTypeName="executor://xunit/VsTestRunner2/netcoreapp" className="AmarTools.Voting.Tests.VotingControllerDefectTests" name="DV02_Vote_UnpublishedProgram_ShouldNotBeDisclosed" />
    </UnitTest>
    <UnitTest name="AmarTools.Voting.Tests.ProgramOwnerDefectTests.D03_DeleteCandidate_WithRecordedVotes_IsRejected" storage="c:\users\it valley\source\repos\devzit0123\amartools.voting\tests\bin\debug\net8.0\amartools.voting.tests.dll" id="a880d5ee-705a-3568-2fb8-f16556041b37">
      <Execution id="ec82b259-fc2a-493c-8818-419725935d8b" />
      <TestMethod codeBase="C:\Users\IT VALLEY\source\repos\Devzit0123\AmarTools.Voting\Tests\bin\Debug\net8.0\AmarTools.Voting.Tests.dll" adapterTypeName="executor://xunit/VsTestRunner2/netcoreapp" className="AmarTools.Voting.Tests.ProgramOwnerDefectTests" name="D03_DeleteCandidate_WithRecordedVotes_IsRejected" />
    </UnitTest>
    <UnitTest name="AmarTools.Voting.Tests.ProgramOwnerDefectTests.D11_RemoveVoter_MissingProgram_ReturnsNotFoundLikeTheOtherActions" storage="c:\users\it valley\source\repos\devzit0123\amartools.voting\tests\bin\debug\net8.0\amartools.voting.tests.dll" id="0322a096-4bff-8f4d-6b2c-b0741f72ce59">
      <Execution id="fb1fce2f-b04a-458d-bea3-aa16dd82b496" />
      <TestMethod codeBase="C:\Users\IT VALLEY\source\repos\Devzit0123\AmarTools.Voting\Tests\bin\Debug\net8.0\AmarTools.Voting.Tests.dll" adapterTypeName="executor://xunit/VsTestRunner2/netcoreapp" className="AmarTools.Voting.Tests.ProgramOwnerDefectTests" name="D11_RemoveVoter_MissingProgram_ReturnsNotFoundLikeTheOtherActions" />
    </UnitTest>
    <UnitTest name="AmarTools.Voting.Tests.ProgramOwnerDefectTests.D01_Edit_EndedProgram_CannotBeReopened" storage="c:\users\it valley\source\repos\devzit0123\amartools.voting\tests\bin\debug\net8.0\amartools.voting.tests.dll" id="895c5e04-cf47-ae4b-9d75-4e8ec7daed85">
      <Execution id="b268dd32-6704-4f37-82ec-815ea7a9e23a" />
      <TestMethod codeBase="C:\Users\IT VALLEY\source\repos\Devzit0123\AmarTools.Voting\Tests\bin\Debug\net8.0\AmarTools.Voting.Tests.dll" adapterTypeName="executor://xunit/VsTestRunner2/netcoreapp" className="AmarTools.Voting.Tests.ProgramOwnerDefectTests" name="D01_Edit_EndedProgram_CannotBeReopened" />
    </UnitTest>
    <UnitTest name="AmarTools.Voting.Tests.ProgramOwnerDefectTests.D04_RemoveVoter_VoterWhoAlreadyVoted_IsRejected" storage="c:\users\it valley\source\repos\devzit0123\amartools.voting\tests\bin\debug\net8.0\amartools.voting.tests.dll" id="c64cf4bb-2678-b778-8984-628d799a0ad6">
      <Execution id="ba511f95-e25a-4c9a-b9e0-22a5246a92f7" />
      <TestMethod codeBase="C:\Users\IT VALLEY\source\repos\Devzit0123\AmarTools.Voting\Tests\bin\Debug\net8.0\AmarTools.Voting.Tests.dll" adapterTypeName="executor://xunit/VsTestRunner2/netcoreapp" className="AmarTools.Voting.Tests.ProgramOwnerDefectTests" name="D04_RemoveVoter_VoterWhoAlreadyVoted_IsRejected" />
    </UnitTest>
    <UnitTest name="AmarTools.Voting.Tests.ProgramOwnerDefectTests.D07_AddCandidate_SingleCharacterName_IsRejected" storage="c:\users\it valley\source\repos\devzit0123\amartools.voting\tests\bin\debug\net8.0\amartools.voting.tests.dll" id="f9867f03-e166-35ab-59d5-8f71f3155173">
      <Execution id="f75e6c3d-348d-4089-b7b9-0e53d411a209" />
      <TestMethod codeBase="C:\Users\IT VALLEY\source\repos\Devzit0123\AmarTools.Voting\Tests\bin\Debug\net8.0\AmarTools.Voting.Tests.dll" adapterTypeName="executor://xunit/VsTestRunner2/netcoreapp" className="AmarTools.Voting.Tests.ProgramOwnerDefectTests" name="D07_AddCandidate_SingleCharacterName_IsRejected" />
    </UnitTest>
    <UnitTest name="AmarTools.Voting.Tests.VotingControllerDefectTests.DV08_Join_ArbitrarySignedInUser_ShouldNotBecomeAnEligibleVoter" storage="c:\users\it valley\source\repos\devzit0123\amartools.voting\tests\bin\debug\net8.0\amartools.voting.tests.dll" id="8151eac4-a586-ddca-7c0d-d30aad246106">
      <Execution id="9c73f983-57b3-4a12-b6fe-64f0e1cce694" />
      <TestMethod codeBase="C:\Users\IT VALLEY\source\repos\Devzit0123\AmarTools.Voting\Tests\bin\Debug\net8.0\AmarTools.Voting.Tests.dll" adapterTypeName="executor://xunit/VsTestRunner2/netcoreapp" className="AmarTools.Voting.Tests.VotingControllerDefectTests" name="DV08_Join_ArbitrarySignedInUser_ShouldNotBecomeAnEligibleVoter" />
    </UnitTest>
    <UnitTest name="AmarTools.Voting.Tests.ProgramOwnerDefectTests.D06_DurationFailure_DoesNotLeaveLocalTimesFlaggedAsUtc" storage="c:\users\it valley\source\repos\devzit0123\amartools.voting\tests\bin\debug\net8.0\amartools.voting.tests.dll" id="39da9558-5d74-32b9-d298-256fcb80ec28">
      <Execution id="428e01dc-9d0c-47ee-a37f-a5c2a8039420" />
      <TestMethod codeBase="C:\Users\IT VALLEY\source\repos\Devzit0123\AmarTools.Voting\Tests\bin\Debug\net8.0\AmarTools.Voting.Tests.dll" adapterTypeName="executor://xunit/VsTestRunner2/netcoreapp" className="AmarTools.Voting.Tests.ProgramOwnerDefectTests" name="D06_DurationFailure_DoesNotLeaveLocalTimesFlaggedAsUtc" />
    </UnitTest>
    <UnitTest name="AmarTools.Voting.Tests.ProgramOwnerDefectTests.D01_Edit_StartedProgram_CannotBeRescheduledIntoTheFuture" storage="c:\users\it valley\source\repos\devzit0123\amartools.voting\tests\bin\debug\net8.0\amartools.voting.tests.dll" id="bf94786a-154a-0539-e904-5cf35c8d3260">
      <Execution id="eba65be8-bc26-4507-9de8-749f5c58c138" />
      <TestMethod codeBase="C:\Users\IT VALLEY\source\repos\Devzit0123\AmarTools.Voting\Tests\bin\Debug\net8.0\AmarTools.Voting.Tests.dll" adapterTypeName="executor://xunit/VsTestRunner2/netcoreapp" className="AmarTools.Voting.Tests.ProgramOwnerDefectTests" name="D01_Edit_StartedProgram_CannotBeRescheduledIntoTheFuture" />
    </UnitTest>
    <UnitTest name="AmarTools.Voting.Tests.VotingControllerDefectTests.DV07_Vote_VoterWhoAlreadyVoted_ShouldNotBeOfferedTheBallot" storage="c:\users\it valley\source\repos\devzit0123\amartools.voting\tests\bin\debug\net8.0\amartools.voting.tests.dll" id="6c931da2-6341-3f7a-f8b0-ea788ffae04c">
      <Execution id="8a45c62f-0ff2-4dfc-8568-905043f931dd" />
      <TestMethod codeBase="C:\Users\IT VALLEY\source\repos\Devzit0123\AmarTools.Voting\Tests\bin\Debug\net8.0\AmarTools.Voting.Tests.dll" adapterTypeName="executor://xunit/VsTestRunner2/netcoreapp" className="AmarTools.Voting.Tests.VotingControllerDefectTests" name="DV07_Vote_VoterWhoAlreadyVoted_ShouldNotBeOfferedTheBallot" />
    </UnitTest>
    <UnitTest name="AmarTools.Voting.Tests.VotingControllerDefectTests.DV03_Join_UserWithEmptyFullName_ShouldNotSelfRegister" storage="c:\users\it valley\source\repos\devzit0123\amartools.voting\tests\bin\debug\net8.0\amartools.voting.tests.dll" id="cc849979-2c40-61ba-a90f-1b4311950a1b">
      <Execution id="09dc3833-b89f-46ca-a1da-b35177b1ca8f" />
      <TestMethod codeBase="C:\Users\IT VALLEY\source\repos\Devzit0123\AmarTools.Voting\Tests\bin\Debug\net8.0\AmarTools.Voting.Tests.dll" adapterTypeName="executor://xunit/VsTestRunner2/netcoreapp" className="AmarTools.Voting.Tests.VotingControllerDefectTests" name="DV03_Join_UserWithEmptyFullName_ShouldNotSelfRegister" />
    </UnitTest>
    <UnitTest name="AmarTools.Voting.Tests.VotingControllerBasisPath_Search.BP_06_Search_BlankQuery_ReturnsEmptyArray" storage="c:\users\it valley\source\repos\devzit0123\amartools.voting\tests\bin\debug\net8.0\amartools.voting.tests.dll" id="9d5792d6-4ab1-8a2c-293a-4a3c86ec3b1c">
      <Execution id="44b3fda6-a806-494c-892d-39a6759cb80a" />
      <TestMethod codeBase="C:\Users\IT VALLEY\source\repos\Devzit0123\AmarTools.Voting\Tests\bin\Debug\net8.0\AmarTools.Voting.Tests.dll" adapterTypeName="executor://xunit/VsTestRunner2/netcoreapp" className="AmarTools.Voting.Tests.VotingControllerBasisPath_Search" name="BP_06_Search_BlankQuery_ReturnsEmptyArray" />
    </UnitTest>
    <UnitTest name="AmarTools.Voting.Tests.VotingControllerDefectTests.DV05_CastVote_VeryLongUserAgent_ShouldBeLimitedTo512Characters" storage="c:\users\it valley\source\repos\devzit0123\amartools.voting\tests\bin\debug\net8.0\amartools.voting.tests.dll" id="4b42ad0f-ef17-c490-f8da-9459b58a4ba2">
      <Execution id="14c7a3ce-a7bc-49fb-a932-48cd94adce12" />
      <TestMethod codeBase="C:\Users\IT VALLEY\source\repos\Devzit0123\AmarTools.Voting\Tests\bin\Debug\net8.0\AmarTools.Voting.Tests.dll" adapterTypeName="executor://xunit/VsTestRunner2/netcoreapp" className="AmarTools.Voting.Tests.VotingControllerDefectTests" name="DV05_CastVote_VeryLongUserAgent_ShouldBeLimitedTo512Characters" />
    </UnitTest>
    <UnitTest name="AmarTools.Voting.Tests.VotingControllerBasisPath_Search.BP_07_Search_ValidQuery_ReturnsMatchingProgram" storage="c:\users\it valley\source\repos\devzit0123\amartools.voting\tests\bin\debug\net8.0\amartools.voting.tests.dll" id="7d7526f4-8cd4-e7a9-df86-0e35c6bf11b7">
      <Execution id="1e5fdc6b-9cca-4e86-9b2b-17aea2adf17d" />
      <TestMethod codeBase="C:\Users\IT VALLEY\source\repos\Devzit0123\AmarTools.Voting\Tests\bin\Debug\net8.0\AmarTools.Voting.Tests.dll" adapterTypeName="executor://xunit/VsTestRunner2/netcoreapp" className="AmarTools.Voting.Tests.VotingControllerBasisPath_Search" name="BP_07_Search_ValidQuery_ReturnsMatchingProgram" />
    </UnitTest>
    <UnitTest name="AmarTools.Voting.Tests.ProgramOwnerDefectTests.D02_DeleteCandidate_WhileProgramIsActive_IsRejected" storage="c:\users\it valley\source\repos\devzit0123\amartools.voting\tests\bin\debug\net8.0\amartools.voting.tests.dll" id="f7d93de4-493b-4ff5-eec4-928cf74ad189">
      <Execution id="65cdd984-7c01-481b-9a80-93f5daa43dd6" />
      <TestMethod codeBase="C:\Users\IT VALLEY\source\repos\Devzit0123\AmarTools.Voting\Tests\bin\Debug\net8.0\AmarTools.Voting.Tests.dll" adapterTypeName="executor://xunit/VsTestRunner2/netcoreapp" className="AmarTools.Voting.Tests.ProgramOwnerDefectTests" name="D02_DeleteCandidate_WhileProgramIsActive_IsRejected" />
    </UnitTest>
    <UnitTest name="AmarTools.Voting.Tests.ProgramOwnerDefectTests.D11_DeleteCandidate_ExistingAndMissingCandidateOfOtherProgram_BehaveTheSame" storage="c:\users\it valley\source\repos\devzit0123\amartools.voting\tests\bin\debug\net8.0\amartools.voting.tests.dll" id="b8cfb452-953c-7e51-37a7-5890bff73410">
      <Execution id="f847be55-bd3c-406a-beba-844f18ba62c2" />
      <TestMethod codeBase="C:\Users\IT VALLEY\source\repos\Devzit0123\AmarTools.Voting\Tests\bin\Debug\net8.0\AmarTools.Voting.Tests.dll" adapterTypeName="executor://xunit/VsTestRunner2/netcoreapp" className="AmarTools.Voting.Tests.ProgramOwnerDefectTests" name="D11_DeleteCandidate_ExistingAndMissingCandidateOfOtherProgram_BehaveTheSame" />
    </UnitTest>
    <UnitTest name="AmarTools.Voting.Tests.ProgramOwnerDefectTests.D09_AddCandidate_ProtocolRelativeImageUrl_IsRejected" storage="c:\users\it valley\source\repos\devzit0123\amartools.voting\tests\bin\debug\net8.0\amartools.voting.tests.dll" id="1b466495-7d77-302a-19c3-5949315fa20a">
      <Execution id="5a4da7ac-fd03-4fac-b22b-ca11891d4a17" />
      <TestMethod codeBase="C:\Users\IT VALLEY\source\repos\Devzit0123\AmarTools.Voting\Tests\bin\Debug\net8.0\AmarTools.Voting.Tests.dll" adapterTypeName="executor://xunit/VsTestRunner2/netcoreapp" className="AmarTools.Voting.Tests.ProgramOwnerDefectTests" name="D09_AddCandidate_ProtocolRelativeImageUrl_IsRejected" />
    </UnitTest>
    <UnitTest name="AmarTools.Voting.Tests.ProgramOwnerDefectTests.D14_RegisterVoter_AfterElectionEnded_IsRejected" storage="c:\users\it valley\source\repos\devzit0123\amartools.voting\tests\bin\debug\net8.0\amartools.voting.tests.dll" id="6939ed7c-af5e-cb4d-0828-6f654f0fed05">
      <Execution id="a09f22bb-e16e-466c-99f2-36374380433c" />
      <TestMethod codeBase="C:\Users\IT VALLEY\source\repos\Devzit0123\AmarTools.Voting\Tests\bin\Debug\net8.0\AmarTools.Voting.Tests.dll" adapterTypeName="executor://xunit/VsTestRunner2/netcoreapp" className="AmarTools.Voting.Tests.ProgramOwnerDefectTests" name="D14_RegisterVoter_AfterElectionEnded_IsRejected" />
    </UnitTest>
    <UnitTest name="AmarTools.Voting.Tests.ProgramOwnerDefectTests.D08_AddCandidate_FieldOverMaxLength_IsRejectedWithValidationMessage(field: &quot;imageUrl&quot;)" storage="c:\users\it valley\source\repos\devzit0123\amartools.voting\tests\bin\debug\net8.0\amartools.voting.tests.dll" id="8e6422ba-ba4b-7ec9-c08f-49b9af51c2ce">
      <Execution id="e5948fd2-7a8b-4694-ba0d-3c0010f9d23c" />
      <TestMethod codeBase="C:\Users\IT VALLEY\source\repos\Devzit0123\AmarTools.Voting\Tests\bin\Debug\net8.0\AmarTools.Voting.Tests.dll" adapterTypeName="executor://xunit/VsTestRunner2/netcoreapp" className="AmarTools.Voting.Tests.ProgramOwnerDefectTests" name="D08_AddCandidate_FieldOverMaxLength_IsRejectedWithValidationMessage" />
    </UnitTest>
    <UnitTest name="AmarTools.Voting.Tests.ProgramOwnerDefectTests.D14_RegisterVoter_InvalidEmailFormat_IsRejected" storage="c:\users\it valley\source\repos\devzit0123\amartools.voting\tests\bin\debug\net8.0\amartools.voting.tests.dll" id="79614509-e2d2-9615-2728-55ccb6a4db6e">
      <Execution id="4af2c2a7-af90-4f4d-bddd-3f3966807b29" />
      <TestMethod codeBase="C:\Users\IT VALLEY\source\repos\Devzit0123\AmarTools.Voting\Tests\bin\Debug\net8.0\AmarTools.Voting.Tests.dll" adapterTypeName="executor://xunit/VsTestRunner2/netcoreapp" className="AmarTools.Voting.Tests.ProgramOwnerDefectTests" name="D14_RegisterVoter_InvalidEmailFormat_IsRejected" />
    </UnitTest>
    <UnitTest name="AmarTools.Voting.Tests.VotingControllerDefectTests.DV06_PublicResults_BlockchainCheckThrows_ShouldStillShowResults" storage="c:\users\it valley\source\repos\devzit0123\amartools.voting\tests\bin\debug\net8.0\amartools.voting.tests.dll" id="5a8dc996-544f-af83-3912-61757d3a5018">
      <Execution id="f2a5e9c5-e6e9-4fa3-833c-e8863f65151c" />
      <TestMethod codeBase="C:\Users\IT VALLEY\source\repos\Devzit0123\AmarTools.Voting\Tests\bin\Debug\net8.0\AmarTools.Voting.Tests.dll" adapterTypeName="executor://xunit/VsTestRunner2/netcoreapp" className="AmarTools.Voting.Tests.VotingControllerDefectTests" name="DV06_PublicResults_BlockchainCheckThrows_ShouldStillShowResults" />
    </UnitTest>
    <UnitTest name="AmarTools.Voting.Tests.ProgramOwnerDefectTests.D08_AddCandidate_FieldOverMaxLength_IsRejectedWithValidationMessage(field: &quot;name&quot;)" storage="c:\users\it valley\source\repos\devzit0123\amartools.voting\tests\bin\debug\net8.0\amartools.voting.tests.dll" id="7338fc87-a80c-da7f-452d-a7a02c14e6de">
      <Execution id="1e395bc9-fefd-49e1-9e5c-398813d01b0b" />
      <TestMethod codeBase="C:\Users\IT VALLEY\source\repos\Devzit0123\AmarTools.Voting\Tests\bin\Debug\net8.0\AmarTools.Voting.Tests.dll" adapterTypeName="executor://xunit/VsTestRunner2/netcoreapp" className="AmarTools.Voting.Tests.ProgramOwnerDefectTests" name="D08_AddCandidate_FieldOverMaxLength_IsRejectedWithValidationMessage" />
    </UnitTest>
    <UnitTest name="AmarTools.Voting.Tests.VotingControllerDefectTests.DV04_Vote_PrincipalWithoutUserId_ShouldNotMatchOwnerRegisteredVoters" storage="c:\users\it valley\source\repos\devzit0123\amartools.voting\tests\bin\debug\net8.0\amartools.voting.tests.dll" id="02ad411e-402e-f9b6-04dd-7281ef825636">
      <Execution id="2066fc4e-4cd0-416b-b14c-b42f4aa05e14" />
      <TestMethod codeBase="C:\Users\IT VALLEY\source\repos\Devzit0123\AmarTools.Voting\Tests\bin\Debug\net8.0\AmarTools.Voting.Tests.dll" adapterTypeName="executor://xunit/VsTestRunner2/netcoreapp" className="AmarTools.Voting.Tests.VotingControllerDefectTests" name="DV04_Vote_PrincipalWithoutUserId_ShouldNotMatchOwnerRegisteredVoters" />
    </UnitTest>
    <UnitTest name="AmarTools.Voting.Tests.ProgramOwnerDefectTests.D05_Delete_EndedProgramWithVotes_IsNotHardDeleted" storage="c:\users\it valley\source\repos\devzit0123\amartools.voting\tests\bin\debug\net8.0\amartools.voting.tests.dll" id="3a8dd292-5d1b-3d0f-c13f-8fa1b855ae3c">
      <Execution id="e1bb2544-5adc-484c-a10f-fbdb21de2098" />
      <TestMethod codeBase="C:\Users\IT VALLEY\source\repos\Devzit0123\AmarTools.Voting\Tests\bin\Debug\net8.0\AmarTools.Voting.Tests.dll" adapterTypeName="executor://xunit/VsTestRunner2/netcoreapp" className="AmarTools.Voting.Tests.ProgramOwnerDefectTests" name="D05_Delete_EndedProgramWithVotes_IsNotHardDeleted" />
    </UnitTest>
    <UnitTest name="AmarTools.Voting.Tests.ProgramOwnerDefectTests.D10_AddCandidate_CodeThatDiffersOnlyByCase_IsRejectedAsDuplicate" storage="c:\users\it valley\source\repos\devzit0123\amartools.voting\tests\bin\debug\net8.0\amartools.voting.tests.dll" id="f3a16a94-b6a7-bbfb-9587-8f827e0fde51">
      <Execution id="f24e0ff7-8444-4276-9a87-e3df54834a15" />
      <TestMethod codeBase="C:\Users\IT VALLEY\source\repos\Devzit0123\AmarTools.Voting\Tests\bin\Debug\net8.0\AmarTools.Voting.Tests.dll" adapterTypeName="executor://xunit/VsTestRunner2/netcoreapp" className="AmarTools.Voting.Tests.ProgramOwnerDefectTests" name="D10_AddCandidate_CodeThatDiffersOnlyByCase_IsRejectedAsDuplicate" />
    </UnitTest>
  </TestDefinitions>
  <TestEntries>
    <TestEntry testId="6c931da2-6341-3f7a-f8b0-ea788ffae04c" executionId="8a45c62f-0ff2-4dfc-8568-905043f931dd" testListId="8c84fa94-04c1-424b-9868-57a2d4851a1d" />
    <TestEntry testId="8cb0f653-a43a-a529-a0d9-0885b5fac42b" executionId="9ea25191-c494-4f77-9735-82e4b28a7bea" testListId="8c84fa94-04c1-424b-9868-57a2d4851a1d" />
    <TestEntry testId="7d7526f4-8cd4-e7a9-df86-0e35c6bf11b7" executionId="1e5fdc6b-9cca-4e86-9b2b-17aea2adf17d" testListId="8c84fa94-04c1-424b-9868-57a2d4851a1d" />
    <TestEntry testId="6939ed7c-af5e-cb4d-0828-6f654f0fed05" executionId="a09f22bb-e16e-466c-99f2-36374380433c" testListId="8c84fa94-04c1-424b-9868-57a2d4851a1d" />
    <TestEntry testId="8151eac4-a586-ddca-7c0d-d30aad246106" executionId="9c73f983-57b3-4a12-b6fe-64f0e1cce694" testListId="8c84fa94-04c1-424b-9868-57a2d4851a1d" />
    <TestEntry testId="b8cfb452-953c-7e51-37a7-5890bff73410" executionId="f847be55-bd3c-406a-beba-844f18ba62c2" testListId="8c84fa94-04c1-424b-9868-57a2d4851a1d" />
    <TestEntry testId="895c5e04-cf47-ae4b-9d75-4e8ec7daed85" executionId="b268dd32-6704-4f37-82ec-815ea7a9e23a" testListId="8c84fa94-04c1-424b-9868-57a2d4851a1d" />
    <TestEntry testId="1b466495-7d77-302a-19c3-5949315fa20a" executionId="5a4da7ac-fd03-4fac-b22b-ca11891d4a17" testListId="8c84fa94-04c1-424b-9868-57a2d4851a1d" />
    <TestEntry testId="a880d5ee-705a-3568-2fb8-f16556041b37" executionId="ec82b259-fc2a-493c-8818-419725935d8b" testListId="8c84fa94-04c1-424b-9868-57a2d4851a1d" />
    <TestEntry testId="bf94786a-154a-0539-e904-5cf35c8d3260" executionId="eba65be8-bc26-4507-9de8-749f5c58c138" testListId="8c84fa94-04c1-424b-9868-57a2d4851a1d" />
    <TestEntry testId="0322a096-4bff-8f4d-6b2c-b0741f72ce59" executionId="fb1fce2f-b04a-458d-bea3-aa16dd82b496" testListId="8c84fa94-04c1-424b-9868-57a2d4851a1d" />
    <TestEntry testId="b2a781c9-e4e9-cfd1-c07c-3136ff60feb7" executionId="5bfdbf01-6c58-4c49-9733-90f091b81a13" testListId="8c84fa94-04c1-424b-9868-57a2d4851a1d" />
    <TestEntry testId="3a8dd292-5d1b-3d0f-c13f-8fa1b855ae3c" executionId="e1bb2544-5adc-484c-a10f-fbdb21de2098" testListId="8c84fa94-04c1-424b-9868-57a2d4851a1d" />
    <TestEntry testId="5a8dc996-544f-af83-3912-61757d3a5018" executionId="f2a5e9c5-e6e9-4fa3-833c-e8863f65151c" testListId="8c84fa94-04c1-424b-9868-57a2d4851a1d" />
    <TestEntry testId="2e2d91f9-ab77-427d-2fd5-d80a0352c755" executionId="be0485f6-03ec-401c-892a-94ca081459eb" testListId="8c84fa94-04c1-424b-9868-57a2d4851a1d" />
    <TestEntry testId="5ecd66f0-ecd9-b245-5eaf-f66999a3322c" executionId="0530759f-3542-4272-8082-9fa1fde18981" testListId="8c84fa94-04c1-424b-9868-57a2d4851a1d" />
    <TestEntry testId="f7d93de4-493b-4ff5-eec4-928cf74ad189" executionId="65cdd984-7c01-481b-9a80-93f5daa43dd6" testListId="8c84fa94-04c1-424b-9868-57a2d4851a1d" />
    <TestEntry testId="ea79f4da-0d68-55ae-bebe-45a77fcef0cb" executionId="954af74e-3066-470d-afb1-442068fe4c5e" testListId="8c84fa94-04c1-424b-9868-57a2d4851a1d" />
    <TestEntry testId="39da9558-5d74-32b9-d298-256fcb80ec28" executionId="428e01dc-9d0c-47ee-a37f-a5c2a8039420" testListId="8c84fa94-04c1-424b-9868-57a2d4851a1d" />
    <TestEntry testId="f3a16a94-b6a7-bbfb-9587-8f827e0fde51" executionId="f24e0ff7-8444-4276-9a87-e3df54834a15" testListId="8c84fa94-04c1-424b-9868-57a2d4851a1d" />
    <TestEntry testId="cc849979-2c40-61ba-a90f-1b4311950a1b" executionId="09dc3833-b89f-46ca-a1da-b35177b1ca8f" testListId="8c84fa94-04c1-424b-9868-57a2d4851a1d" />
    <TestEntry testId="f9867f03-e166-35ab-59d5-8f71f3155173" executionId="f75e6c3d-348d-4089-b7b9-0e53d411a209" testListId="8c84fa94-04c1-424b-9868-57a2d4851a1d" />
    <TestEntry testId="7338fc87-a80c-da7f-452d-a7a02c14e6de" executionId="1e395bc9-fefd-49e1-9e5c-398813d01b0b" testListId="8c84fa94-04c1-424b-9868-57a2d4851a1d" />
    <TestEntry testId="4b42ad0f-ef17-c490-f8da-9459b58a4ba2" executionId="14c7a3ce-a7bc-49fb-a932-48cd94adce12" testListId="8c84fa94-04c1-424b-9868-57a2d4851a1d" />
    <TestEntry testId="8e6422ba-ba4b-7ec9-c08f-49b9af51c2ce" executionId="e5948fd2-7a8b-4694-ba0d-3c0010f9d23c" testListId="8c84fa94-04c1-424b-9868-57a2d4851a1d" />
    <TestEntry testId="d9db1d51-65d7-734a-8c8e-092061d5d3d4" executionId="2a6501a8-252f-4c91-80de-3dfc200e44f1" testListId="8c84fa94-04c1-424b-9868-57a2d4851a1d" />
    <TestEntry testId="73862591-f7ce-c0d5-3de3-5f058d82fe94" executionId="88c0e8d5-42d1-45cc-95b9-3978068459a8" testListId="8c84fa94-04c1-424b-9868-57a2d4851a1d" />
    <TestEntry testId="02ad411e-402e-f9b6-04dd-7281ef825636" executionId="2066fc4e-4cd0-416b-b14c-b42f4aa05e14" testListId="8c84fa94-04c1-424b-9868-57a2d4851a1d" />
    <TestEntry testId="f21c2954-559d-c545-e19c-78f8a98c0cdd" executionId="d6d71b2a-07ba-4266-b3c5-b4f553b108f4" testListId="8c84fa94-04c1-424b-9868-57a2d4851a1d" />
    <TestEntry testId="e61dad47-890b-a89c-4457-095dc75f17f3" executionId="63790807-9b24-4ba3-b22f-2241c8ab00fa" testListId="8c84fa94-04c1-424b-9868-57a2d4851a1d" />
    <TestEntry testId="c64cf4bb-2678-b778-8984-628d799a0ad6" executionId="ba511f95-e25a-4c9a-b9e0-22a5246a92f7" testListId="8c84fa94-04c1-424b-9868-57a2d4851a1d" />
    <TestEntry testId="40247913-927f-99da-8e5e-0dae4f62b2cc" executionId="cfab61d2-ae74-4cf7-b022-e275b635783a" testListId="8c84fa94-04c1-424b-9868-57a2d4851a1d" />
    <TestEntry testId="79614509-e2d2-9615-2728-55ccb6a4db6e" executionId="4af2c2a7-af90-4f4d-bddd-3f3966807b29" testListId="8c84fa94-04c1-424b-9868-57a2d4851a1d" />
    <TestEntry testId="9d5792d6-4ab1-8a2c-293a-4a3c86ec3b1c" executionId="44b3fda6-a806-494c-892d-39a6759cb80a" testListId="8c84fa94-04c1-424b-9868-57a2d4851a1d" />
  </TestEntries>
  <TestLists>
    <TestList name="Results Not in a List" id="8c84fa94-04c1-424b-9868-57a2d4851a1d" />
    <TestList name="All Loaded Results" id="19431567-8539-422a-85d7-44ee4e166bda" />
  </TestLists>
  <ResultSummary outcome="Completed">
    <Counters total="34" executed="34" passed="34" failed="0" error="0" timeout="0" aborted="0" inconclusive="0" passedButRunAborted="0" notRunnable="0" notExecuted="0" disconnected="0" warning="0" completed="0" inProgress="0" pending="0" />
    <Output>
      <StdOut>[xUnit.net 00:00:00.00] xUnit.net VSTest Adapter v2.8.2+699d445a1a (64-bit .NET 8.0.30)&#xD;
[xUnit.net 00:00:01.31]   Discovering: AmarTools.Voting.Tests&#xD;
[xUnit.net 00:00:01.44]   Discovered:  AmarTools.Voting.Tests&#xD;
[xUnit.net 00:00:01.45]   Starting:    AmarTools.Voting.Tests&#xD;
[xUnit.net 00:00:03.28]   Finished:    AmarTools.Voting.Tests&#xD;
</StdOut>
    </Output>
  </ResultSummary>
</TestRun>